valgrind: ././app_tests: is a directory
