DEBUG tests/darray_tests.c:125: ----- RUNNING: ./tests/darray_tests -- args: 1
DEBUG tests/darray_tests.c:113: 
----- test_create
DEBUG tests/darray_tests.c:114: 
----- test_new
DEBUG tests/darray_tests.c:115: 
----- test_set
DEBUG tests/darray_tests.c:116: 
----- test_get
DEBUG tests/darray_tests.c:117: 
----- test_remove
DEBUG tests/darray_tests.c:118: 
----- test_expand_contract
DEBUG tests/darray_tests.c:119: 
----- test_push_pop
DEBUG tests/darray_tests.c:120: 
----- test_destroy
DEBUG tests/hashmap_tests.c:125: ----- RUNNING: ./tests/hashmap_tests -- args: 1
DEBUG tests/hashmap_tests.c:116: 
----- test_create
DEBUG tests/hashmap_tests.c:117: 
----- test_get_set
DEBUG tests/hashmap_tests.c:118: 
----- test_traverse
DEBUG tests/hashmap_tests.c:23: KEY: 1
DEBUG tests/hashmap_tests.c:23: KEY: 3
DEBUG tests/hashmap_tests.c:23: KEY: 2
DEBUG tests/hashmap_tests.c:30: KEY: 1
DEBUG tests/hashmap_tests.c:30: KEY: 3
DEBUG tests/hashmap_tests.c:119: 
----- test_delete
DEBUG tests/hashmap_tests.c:120: 
----- test_destroy
